// Jest Snapshot v1, https://goo.gl/fbAQLP

exports[`renders correctly and matches snapshot 1`] = `
<DocumentFragment>
  <div
    class="item-render-container"
    style="width: 480px;"
  >
    <img
      alt="testUnitName"
      src="https://cms.inspirato.com/ImageGen.ashx?image=test_hero_image.png&height=360&width=480"
    />
    <div
      class="item-info-headings"
    >
      <span
        class="left"
      >
        testUnitName
      </span>
      <br />
      <span
        class="right"
      >
        Style: testUnitStyleName
      </span>
    </div>
    <div
      class="item-info-date"
    >
      <span>
        Available to Check In: 6 / 1 / 2024
      </span>
    </div>
    <br />
  </div>
</DocumentFragment>
`;
